../Core/Src/main.c:105:5:main	8	static
../Core/Src/main.c:195:6:SystemClock_Config	96	static
../Core/Src/main.c:245:13:MX_ADC1_Init	48	static
../Core/Src/main.c:312:13:MX_I2C1_Init	8	static
../Core/Src/main.c:360:13:MX_I2C2_Init	8	static
../Core/Src/main.c:408:13:MX_USART2_UART_Init	8	static
../Core/Src/main.c:443:13:MX_GPIO_Init	48	static
../Core/Src/main.c:486:6:StartLedTask	24	static
../Core/Src/main.c:515:6:startTempRead	16	static
../Core/Src/main.c:537:6:HAL_TIM_PeriodElapsedCallback	16	static
../Core/Src/main.c:554:6:Error_Handler	4	static,ignoring_inline_asm
